{
  "schema_version": 1,
  "query": "initialize git repository",
  "results": [
    {
      "id": "git.init",
      "command": "git init",
      "summary": "Create an empty Git repository in a folder.",
      "provider": "git",
      "source": {
        "kind": "builtin",
        "locator": "registry/builtin/git.go",
        "digest": "sha256:cf87f8c2642912fa2b2f1e20aa4ce6306f2ce16ba7963480b6da81d2f326e892"
      },
      "risk": "local_write",
      "effects": [
        "creates Git metadata in the selected folder"
      ],
      "version_range": ">=2.23",
      "version_status": "not_checked",
      "confidence": "high",
      "match_reason": "exact reviewed phrase"
    }
  ]
}
